// Jest Snapshot v1, https://goo.gl/fbAQLP

exports[`<App /> has 1 child 1`] = `
<RCTSafeAreaView
  style={
    [
      {
        "backgroundColor": "#101010",
        "flex": 1,
      },
      {
        "marginTop": 0,
      },
    ]
  }
/>
`;
